<?xml version='1.0' encoding='utf-8'?>
<testsuite name="qingxier-contract-tests" tests="56" failures="0" errors="0" skipped="0" time="0.160"><testcase classname="小程序接口" name="MA-001 用户接口携带 Bearer Token" time="0.002" /><testcase classname="小程序接口" name="MA-002 设备接口使用设备 Token" time="0.014" /><testcase classname="小程序接口" name="MA-003 统一错误对象解析" time="0.001" /><testcase classname="小程序接口" name="MA-004 语音配置 GET 契约" time="0.001" /><testcase classname="小程序接口" name="MA-005 语音配置 PATCH 契约" time="0.003" /><testcase classname="小程序接口" name="MA-006 方言路由请求字段" time="0.006" /><testcase classname="小程序接口" name="MA-007 方言路由响应字段" time="0.002" /><testcase classname="小程序接口" name="MA-008 TTS 请求字段" time="0.002" /><testcase classname="小程序接口" name="MA-009 TTS 响应降级字段" time="0.002" /><testcase classname="小程序接口" name="MA-010 唤醒词状态接口契约" time="0.001" /><testcase classname="小程序接口" name="MA-011 敏感凭据不进入 UI 状态" time="0.004" /><testcase classname="小程序接口" name="MA-012 设备 ID URL 编码" time="0.003" /><testcase classname="小程序接口" name="MA-013 请求追踪 ID 记录" time="0.003" /><testcase classname="小程序接口" name="MA-014 Qwen 克隆冲突错误可处理" time="0.002" /><testcase classname="小程序功能" name="MF-001 设备控制台初始化" time="0.005" /><testcase classname="小程序功能" name="MF-002 不展示手动方言切换器" time="0.004" /><testcase classname="小程序功能" name="MF-003 控制台显示新唤醒词" time="0.003" /><testcase classname="小程序功能" name="MF-004 高置信度方言状态更新" time="0.006" /><testcase classname="小程序功能" name="MF-005 低置信度自动兜底提示" time="0.006" /><testcase classname="小程序功能" name="MF-006 会话滞回提示" time="0.006" /><testcase classname="小程序功能" name="MF-007 克隆音色试听" time="0.005" /><testcase classname="小程序功能" name="MF-008 吴语泛化降级提示" time="0.004" /><testcase classname="小程序功能" name="MF-009 登录过期跳转" time="0.001" /><testcase classname="小程序功能" name="MF-010 网络异常重试状态" time="0.000" /><testcase classname="小程序功能" name="MF-011 兜底方言配置保存" time="0.006" /><testcase classname="小程序功能" name="MF-012 能力覆盖完整展示" time="0.004" /><testcase classname="小程序功能" name="MF-013 操作审计事件记录" time="0.008" /><testcase classname="服务器接口" name="SA-001 未认证访问受保护接口" time="0.002" /><testcase classname="服务器接口" name="SA-002 错误用户 Token" time="0.002" /><testcase classname="服务器接口" name="SA-003 非法 JSON 报文" time="0.001" /><testcase classname="服务器接口" name="SA-004 错误唤醒词拒绝" time="0.002" /><testcase classname="服务器接口" name="SA-005 关闭自动方言识别被拒绝" time="0.002" /><testcase classname="服务器接口" name="SA-006 不支持方言值校验" time="0.001" /><testcase classname="服务器接口" name="SA-007 Qwen3-TTS 克隆音色冲突校验" time="0.002" /><testcase classname="服务器接口" name="SA-008 TTS 空文本校验" time="0.001" /><testcase classname="服务器接口" name="SA-009 不存在设备返回 404" time="0.002" /><testcase classname="服务器接口" name="SA-010 管理员接口权限控制" time="0.002" /><testcase classname="服务器接口" name="SA-011 错误模型家族校验" time="0.002" /><testcase classname="服务器接口" name="SA-012 唤醒词包哈希校验" time="0.002" /><testcase classname="服务器接口" name="SA-013 标准响应与追踪 ID" time="0.001" /><testcase classname="服务器接口" name="SA-014 能力接口模型字段完整" time="0.002" /><testcase classname="服务器接口" name="SA-015 置信度范围校验" time="0.003" /><testcase classname="服务器接口" name="SA-016 未知接口统一 404" time="0.001" /><testcase classname="服务器功能" name="SF-001 健康检查与版本可用" time="0.001" /><testcase classname="服务器功能" name="SF-002 语音能力覆盖新需求方言" time="0.002" /><testcase classname="服务器功能" name="SF-003 默认语音配置无需手动切换" time="0.001" /><testcase classname="服务器功能" name="SF-004 语音配置更新保持自动识别" time="0.003" /><testcase classname="服务器功能" name="SF-005 高置信度方言自动锁定" time="0.003" /><testcase classname="服务器功能" name="SF-006 中置信度使用会话滞回" time="0.003" /><testcase classname="服务器功能" name="SF-007 低置信度自动兜底" time="0.003" /><testcase classname="服务器功能" name="SF-008 克隆音色方言合成使用 CosyVoice" time="0.002" /><testcase classname="服务器功能" name="SF-009 系统音色降级使用 Qwen3-TTS" time="0.001" /><testcase classname="服务器功能" name="SF-010 泛吴语合成显式降级" time="0.001" /><testcase classname="服务器功能" name="SF-011 唤醒词状态为阿西并支持 OTA 回滚" time="0.001" /><testcase classname="服务器功能" name="SF-012 唤醒词包登记与幂等" time="0.003" /><testcase classname="服务器功能" name="SF-013 文字调试对话继承克隆音色路由" time="0.002" /></testsuite>